[
  {
    "id": "1250662495918979",
    "text": "Queridos Reyes Magos...\n\nMe gustar\u00eda tener un Remake de Twilight Princess y Wind Waker en HD para Switch.",
    "date": "2024-01-05T10:41:00",
    "user": {
      "id": "100001432042700",
      "name": "Angie Vela",
      "gender": "FEMALE",
      "photo": "https://z-p3-scontent.fscl18-1.fna.fbcdn.net/v/t39.30808-1/406111810_7060867760637555_3123799229548748041_n.jpg?stp=cp0_dst-jpg_p64x64&_nc_cat=101&ccb=1-7&_nc_sid=5f2048&_nc_eui2=AeFBM588NjZ6K7R97qyvvxrFyIr6lY6CzkXIivqVjoLORWMEdS3wjIUgqVUBFDTLvA62I_FwDfxD9NKcDAKPpUHX&_nc_ohc=PmCwSHfFr_kQ7kNvgEzqKjE&_nc_ht=z-p3-scontent.fscl18-1.fna&oh=00_AYA2vQeftW27hxRFKqHu62RwOpfRg7FiFi9_KuZmGABg3Q&oe=6650AB76"
    },
    "url": "https://web.facebook.com/NintendoLatAm/posts/391156196808230?comment_id=1250662495918979",
    "replies": [],
    "reactions": [
      {
        "type": "LIKE",
        "count": 5
      }
    ],
    "replies_count": 1
  },
  {
    "id": "330138849921272",
    "text": "Queridos reyes magos...\nPorfavor que vuelvan los Rhythm Paradise/Heaven",
    "date": "2024-01-05T11:09:07",
    "user": {
      "id": "100004858096671",
      "name": "Felipe DC",
      "gender": "MALE",
      "photo": "https://z-p3-scontent.fscl18-1.fna.fbcdn.net/v/t39.30808-1/412563808_2354220931416487_3117461788568858652_n.jpg?stp=cp0_dst-jpg_p64x64&_nc_cat=103&ccb=1-7&_nc_sid=5f2048&_nc_eui2=AeFQim6XSor7yIl75gKoTrSMH9yXdXqeYSMf3Jd1ep5hIx5mNaC5_lKj4qtgLHYAAgaYiWwtjp9FqqDgp62nOkaj&_nc_ohc=2kAcFiqxeb0Q7kNvgGlutO7&_nc_ht=z-p3-scontent.fscl18-1.fna&oh=00_AYDhs2qxHgYpU3D0Pu_7otpYFUqTnOpw5_1tZ_W4_MEOjg&oe=6650A882"
    },
    "url": "https://web.facebook.com/NintendoLatAm/posts/391156196808230?comment_id=330138849921272",
    "replies": [],
    "reactions": [
      {
        "type": "LIKE",
        "count": 1
      }
    ],
    "replies_count": 0
  },
  {
    "id": "1882457368853702",
    "text": "Reyes magos, por el amor a lo m\u00e1s sagrado, que por favor Nintendo haga wind waker y twilight princess hd para switch \ud83d\ude4f\ud83c\udffb\ud83d\ude4f\ud83c\udffb\ud83d\ude4f\ud83c\udffb",
    "date": "2024-01-05T16:42:27",
    "user": {
      "id": "100000012519031",
      "name": "Mario Solito",
      "gender": "MALE",
      "photo": "https://z-p3-scontent.fscl18-1.fna.fbcdn.net/v/t1.18169-1/311779_271741232836292_8208736_n.jpg?stp=c0.0.64.64a_cp0_dst-jpg_p64x64&_nc_cat=111&ccb=1-7&_nc_sid=5f2048&_nc_eui2=AeGhKqusD1KKRQ6vsMlxwORUi_x98VzU3QOL_H3xXNTdA6tbzGw903NrMZKHiKDnuWhI6DLFRAgezAuct2kC98Ay&_nc_ohc=Qxh73w_2dOcQ7kNvgGzf4eg&_nc_ht=z-p3-scontent.fscl18-1.fna&oh=00_AYCA-GlHgxGWjTL3kVewkHV8UIpsjH5Y_xUqtlSuy6QrHw&oe=66726913"
    },
    "url": "https://web.facebook.com/NintendoLatAm/posts/391156196808230?comment_id=1882457368853702",
    "replies": [],
    "reactions": [
      {
        "type": "LOVE",
        "count": 3
      },
      {
        "type": "LIKE",
        "count": 1
      }
    ],
    "replies_count": 0
  },
  {
    "id": "359269503383230",
    "text": "Queridos reyes magos, quiero que nintendo saque el twilight princess y wind waker en switch... Y de paso tomodachi life \ud83e\udd7a",
    "date": "2024-01-04T20:20:25",
    "user": {
      "id": "100054572381218",
      "name": "Paola Zazueta",
      "gender": "FEMALE",
      "photo": "https://z-p3-scontent.fscl18-1.fna.fbcdn.net/v/t39.30808-1/361944809_810709220758150_3516031733491888567_n.jpg?stp=c0.0.64.64a_cp0_dst-jpg_p64x64&_nc_cat=102&ccb=1-7&_nc_sid=5f2048&_nc_eui2=AeHAbQd9gtjJ39FrvumWdyTV0Ixj1fHpg0PQjGPV8emDQwAGyULiedpkCKwNAX8Vn8ANjXLVUq0YFht2XZo_rfdQ&_nc_ohc=FWeJYNZynNkQ7kNvgErKr0V&_nc_ht=z-p3-scontent.fscl18-1.fna&oh=00_AYD1f1mVzcVNUhk4PQ2aKzB96aJPkEKGyaqbR4f1ChhGMg&oe=6650C053"
    },
    "url": "https://web.facebook.com/NintendoLatAm/posts/391156196808230?comment_id=359269503383230",
    "replies": [],
    "reactions": [
      {
        "type": "LOVE",
        "count": 4
      }
    ],
    "replies_count": 0
  },
  {
    "id": "7132375116883212",
    "text": "Solo quisiera tener el s\u00faper mario 3 de ness en caja \ud83d\ude4f\ud83c\udffb\ud83c\udf89 siempre lo so\u00f1\u00e9 queridos reyes magos !!",
    "date": "2024-01-04T22:59:08",
    "user": {
      "id": "584271474",
      "name": "Joan Bastian Zu\u00f1iga",
      "gender": "MALE",
      "photo": "https://z-p3-scontent.fscl18-1.fna.fbcdn.net/v/t39.30808-1/245933635_10158216894761475_182564765213758273_n.jpg?stp=cp0_dst-jpg_p64x64&_nc_cat=100&ccb=1-7&_nc_sid=5f2048&_nc_eui2=AeGjHbYnNm9BEOrcKR6C6-jo0ezoXEvY5NLR7OhcS9jk0hrjxZfZcjcNfWMxIylSwRnaIPRvPpITMwXbP2PNfEam&_nc_ohc=N64sEzlxhbIQ7kNvgG6n_kn&_nc_ht=z-p3-scontent.fscl18-1.fna&oh=00_AYDixniRmPp3vPy3eom0bQXcc3yXKw8Gqqkv5y9Ar17nOA&oe=6650BB1B"
    },
    "url": "https://web.facebook.com/NintendoLatAm/posts/391156196808230?comment_id=7132375116883212",
    "replies": [],
    "reactions": [
      {
        "type": "LIKE",
        "count": 2
      }
    ],
    "replies_count": 0
  },
  {
    "id": "1087912472624043",
    "text": "Que salga wind waker y Twilight Princess para switch:c",
    "date": "2024-01-05T15:23:26",
    "user": {
      "id": "100034377048033",
      "name": "Ivan Olivera",
      "gender": "MALE",
      "photo": "https://z-p3-scontent.fscl18-1.fna.fbcdn.net/v/t39.30808-1/432917847_1154490742373483_6278586821207252364_n.jpg?stp=cp0_dst-jpg_p64x64&_nc_cat=107&ccb=1-7&_nc_sid=5f2048&_nc_eui2=AeEOYMl5Hb945t3cOero4YVhtzqIScKDr6O3OohJwoOvo1xL3FfSMCI484u4GxyoXI7KzdFln0SjMU_fQOwwHd9q&_nc_ohc=Y-qQ2tkgr8gQ7kNvgHIrN4Z&_nc_ht=z-p3-scontent.fscl18-1.fna&oh=00_AYBY167fMD0s_XLGXf8shy3krQw1lDxxGAau5codgdgaJQ&oe=66509CF9"
    },
    "url": "https://web.facebook.com/NintendoLatAm/posts/391156196808230?comment_id=1087912472624043",
    "replies": [],
    "reactions": [
      {
        "type": "LOVE",
        "count": 1
      }
    ],
    "replies_count": 0
  }
]